100011010101000001011101111010001001010001011001
110011111100100011111110111110001101010001101100
110111111110110111111111111111011101111011110111
111111111111111111110001101111111111111111111111
111111111111111111110011111111101101111111111111
111111110111111111111111111111111111011111111111
111111111111111111111111111111111111111111111111
111111111111111111111111111111101111111101111101
111111111111111111111111111101111111111011111111
111111111111111111111111111111111111101111111111
111111111001111111111101111111111111111111111111
111111110011111111111111111111111111111111011111
111111111111111111111111111111111111011111111111
111111111010111111111111111111111111111111111111
111111111011111111111111111111111111111111101111
111111111111111111101101111111111011111111101111
111101111111111111101111111111111111111111111111
111011111111111111111111111111110111111110111111
111111110111111111011111111111111111111111111111
111111111111111111111111111111111111111111111011
111111110111111111111111111111111111111111111111
111111111111111111111111111111111111111111111111
111111111111111111111111111111011111111111111101
111111111111111101111111111111111111111111111111
111111110111111111111110101101111111111111111011
111111111111111111111111011111111111111111111011
011111111111111111111111111111111111111111111111
111111110111111111111111111111111111111111111111
111111110111111111111111111111011111111111111111
111011111111111111111111111111111111111111111111
111111111111111111111111111111111111111111111111
111111111101111111111111111011111111111111011111
101111111111111111111111111101111111111111011110
111111111111111111111111111011111111111111111110
111101111111111111111101111111111111111111111111
011100111111111111111111111111111111111111111111
111110111111111111111111111111111111111111111111
111111011111111111111111111111111111111101111111
111101111111011011111111111111111111111011111111
111101111111111111111111111111111111111111111111
111111111111111111111111111111111101111111111111
111101011111111111111111111111111111111111111111
111111111111111111111111111111111111111111111111
111111111111111011111111111111011111111111111111
100111111110111111111111111111111111111111111111
110111111111111111111111111111111111111111111111
111111111111111111111111111111111111111111111111
111111111011111111111111111111111111111111011101
111111111011111101111111111111111110111111111111
110101111111111111111111111111111110011111111111
